2026-02-01 21:54:56,767 [DEBUG] Starting new HTTPS connection (1): udstsport.udst.edu.qa:443
2026-02-01 21:54:56,871 [DEBUG] https://udstsport.udst.edu.qa:443 "GET /login HTTP/1.1" 200 4596
2026-02-01 21:54:57,442 [DEBUG] https://udstsport.udst.edu.qa:443 "POST /login HTTP/1.1" 302 None
2026-02-01 21:54:57,480 [DEBUG] https://udstsport.udst.edu.qa:443 "GET /login HTTP/1.1" 200 4659
2026-02-01 21:59:22,747 [DEBUG] Starting new HTTPS connection (1): udstsport.udst.edu.qa:443
2026-02-01 21:59:22,839 [DEBUG] https://udstsport.udst.edu.qa:443 "GET /login HTTP/1.1" 200 4597
2026-02-01 21:59:23,078 [DEBUG] https://udstsport.udst.edu.qa:443 "POST /login HTTP/1.1" 302 None
2026-02-01 21:59:23,150 [DEBUG] https://udstsport.udst.edu.qa:443 "GET /home HTTP/1.1" 200 5771
2026-02-01 21:59:23,182 [INFO] Login successful
2026-02-01 21:59:23,239 [DEBUG] https://udstsport.udst.edu.qa:443 "GET /booking HTTP/1.1" 302 None
2026-02-01 21:59:23,242 [DEBUG] Starting new HTTP connection (1): udstsport.udst.edu.qa:80
2026-02-01 21:59:23,277 [DEBUG] http://udstsport.udst.edu.qa:80 "GET /booking?prop_res_client=UDST%2BCommunity&ppp_hidden_fields=prop_res_client HTTP/1.1" 302 0
2026-02-01 21:59:23,338 [DEBUG] https://udstsport.udst.edu.qa:443 "GET /booking?prop_res_client=UDST%2BCommunity&ppp_hidden_fields=prop_res_client HTTP/1.1" 200 8119
2026-02-01 22:00:25,899 [DEBUG] Starting new HTTPS connection (1): udstsport.udst.edu.qa:443
2026-02-01 22:00:25,976 [DEBUG] https://udstsport.udst.edu.qa:443 "GET /login HTTP/1.1" 200 4595
2026-02-01 22:00:26,265 [DEBUG] https://udstsport.udst.edu.qa:443 "POST /login HTTP/1.1" 302 None
2026-02-01 22:00:26,343 [DEBUG] https://udstsport.udst.edu.qa:443 "GET /home HTTP/1.1" 200 5772
2026-02-01 22:00:26,375 [INFO] Login successful
2026-02-01 22:00:26,431 [DEBUG] https://udstsport.udst.edu.qa:443 "GET /booking HTTP/1.1" 302 None
2026-02-01 22:00:26,434 [DEBUG] Starting new HTTP connection (1): udstsport.udst.edu.qa:80
2026-02-01 22:00:26,511 [DEBUG] http://udstsport.udst.edu.qa:80 "GET /booking?prop_res_client=UDST%2BCommunity&ppp_hidden_fields=prop_res_client HTTP/1.1" 302 0
2026-02-01 22:00:26,568 [DEBUG] https://udstsport.udst.edu.qa:443 "GET /booking?prop_res_client=UDST%2BCommunity&ppp_hidden_fields=prop_res_client HTTP/1.1" 200 8120
2026-02-01 22:00:34,161 [DEBUG] https://udstsport.udst.edu.qa:443 "POST /sportsbooking/planyo/ulap.php HTTP/1.1" 200 12748
2026-02-01 22:00:34,235 [DEBUG] Starting new HTTPS connection (1): www.planyo.com:443
2026-02-01 22:00:34,654 [DEBUG] https://www.planyo.com:443 "POST /fetch-data.php?&id=56012&with_resources=1 HTTP/1.1" 200 2465
2026-02-01 22:00:34,661 [INFO] Booking for Abdullah Musthafa (60302700) on February 05 2026 at 14
2026-02-01 22:00:34,717 [DEBUG] https://udstsport.udst.edu.qa:443 "GET /booking HTTP/1.1" 302 None
2026-02-01 22:00:34,732 [DEBUG] http://udstsport.udst.edu.qa:80 "GET /booking?prop_res_client=UDST%2BCommunity&ppp_hidden_fields=prop_res_client HTTP/1.1" 302 0
2026-02-01 22:00:34,791 [DEBUG] https://udstsport.udst.edu.qa:443 "GET /booking?prop_res_client=UDST%2BCommunity&ppp_hidden_fields=prop_res_client HTTP/1.1" 200 8120
2026-02-01 22:00:39,979 [DEBUG] https://udstsport.udst.edu.qa:443 "POST /sportsbooking/planyo/ulap.php HTTP/1.1" 200 1161
2026-02-01 22:00:39,981 [INFO] Booking successful!
2026-05-03 15:55:22,045 [DEBUG] Starting new HTTPS connection (1): udstsport.udst.edu.qa:443
2026-05-03 15:55:22,283 [DEBUG] https://udstsport.udst.edu.qa:443 "GET /login HTTP/1.1" 200 4599
2026-05-03 15:55:22,447 [DEBUG] https://udstsport.udst.edu.qa:443 "POST /login HTTP/1.1" 302 None
2026-05-03 15:55:22,522 [DEBUG] https://udstsport.udst.edu.qa:443 "GET /home HTTP/1.1" 200 5768
2026-05-03 15:55:22,555 [INFO] Login successful
2026-05-03 15:55:22,625 [DEBUG] https://udstsport.udst.edu.qa:443 "GET /booking HTTP/1.1" 302 None
2026-05-03 15:55:22,628 [DEBUG] Starting new HTTP connection (1): udstsport.udst.edu.qa:80
2026-05-03 15:55:22,687 [DEBUG] http://udstsport.udst.edu.qa:80 "GET /booking?prop_res_client=UDST%2BCommunity&ppp_hidden_fields=prop_res_client HTTP/1.1" 302 0
2026-05-03 15:55:22,750 [DEBUG] https://udstsport.udst.edu.qa:443 "GET /booking?prop_res_client=UDST%2BCommunity&ppp_hidden_fields=prop_res_client HTTP/1.1" 200 8117
2026-05-03 15:55:28,512 [DEBUG] https://udstsport.udst.edu.qa:443 "POST /sportsbooking/planyo/ulap.php HTTP/1.1" 200 10866
2026-05-03 15:55:28,579 [DEBUG] Starting new HTTPS connection (1): www.planyo.com:443
2026-05-03 15:55:29,913 [DEBUG] https://www.planyo.com:443 "POST /fetch-data.php?&id=56012&with_resources=1 HTTP/1.1" 200 2868
2026-05-03 15:55:29,918 [INFO] Booking for Muhammad Munir (60306156) on May 07 2026 at 14
2026-05-03 15:55:30,002 [DEBUG] https://udstsport.udst.edu.qa:443 "GET /booking HTTP/1.1" 302 None
2026-05-03 15:55:30,029 [DEBUG] http://udstsport.udst.edu.qa:80 "GET /booking?prop_res_client=UDST%2BCommunity&ppp_hidden_fields=prop_res_client HTTP/1.1" 302 0
2026-05-03 15:55:30,093 [DEBUG] https://udstsport.udst.edu.qa:443 "GET /booking?prop_res_client=UDST%2BCommunity&ppp_hidden_fields=prop_res_client HTTP/1.1" 200 8117
2026-05-03 15:55:38,366 [DEBUG] https://udstsport.udst.edu.qa:443 "POST /sportsbooking/planyo/ulap.php HTTP/1.1" 200 1164
2026-05-03 15:55:38,367 [INFO] Booking successful!
2026-05-03 16:18:02,806 [DEBUG] Starting new HTTPS connection (1): udstsport.udst.edu.qa:443
2026-05-03 16:18:02,951 [DEBUG] https://udstsport.udst.edu.qa:443 "GET /login HTTP/1.1" 200 4597
2026-05-03 16:18:03,141 [DEBUG] https://udstsport.udst.edu.qa:443 "POST /login HTTP/1.1" 302 None
2026-05-03 16:18:03,215 [DEBUG] https://udstsport.udst.edu.qa:443 "GET /home HTTP/1.1" 200 5771
2026-05-03 16:18:03,239 [INFO] Login successful
2026-05-03 16:18:03,328 [DEBUG] https://udstsport.udst.edu.qa:443 "GET /booking HTTP/1.1" 302 None
2026-05-03 16:18:03,329 [DEBUG] Starting new HTTP connection (1): udstsport.udst.edu.qa:80
2026-05-03 16:18:03,440 [DEBUG] http://udstsport.udst.edu.qa:80 "GET /booking?prop_res_client=UDST%2BCommunity&ppp_hidden_fields=prop_res_client HTTP/1.1" 302 0
2026-05-03 16:18:03,511 [DEBUG] https://udstsport.udst.edu.qa:443 "GET /booking?prop_res_client=UDST%2BCommunity&ppp_hidden_fields=prop_res_client HTTP/1.1" 200 8120
2026-05-03 16:18:08,985 [DEBUG] https://udstsport.udst.edu.qa:443 "POST /sportsbooking/planyo/ulap.php HTTP/1.1" 200 10866
2026-05-03 16:18:09,016 [DEBUG] Starting new HTTPS connection (1): www.planyo.com:443
2026-05-03 16:18:09,507 [DEBUG] https://www.planyo.com:443 "POST /fetch-data.php?&id=56012&with_resources=1 HTTP/1.1" 200 2868
2026-05-03 16:18:09,512 [INFO] Booking for Abdullah Musthafa (60302700) on May 07 2026 at 14
2026-05-03 16:18:09,587 [DEBUG] https://udstsport.udst.edu.qa:443 "GET /booking HTTP/1.1" 302 None
2026-05-03 16:18:09,614 [DEBUG] http://udstsport.udst.edu.qa:80 "GET /booking?prop_res_client=UDST%2BCommunity&ppp_hidden_fields=prop_res_client HTTP/1.1" 302 0
2026-05-03 16:18:09,683 [DEBUG] https://udstsport.udst.edu.qa:443 "GET /booking?prop_res_client=UDST%2BCommunity&ppp_hidden_fields=prop_res_client HTTP/1.1" 200 8120
2026-05-03 16:18:11,178 [DEBUG] https://udstsport.udst.edu.qa:443 "POST /sportsbooking/planyo/ulap.php HTTP/1.1" 200 203
2026-05-03 16:18:11,179 [INFO] Booking successful!
2026-05-03 16:18:19,926 [DEBUG] Starting new HTTPS connection (1): udstsport.udst.edu.qa:443
2026-05-03 16:18:20,260 [DEBUG] https://udstsport.udst.edu.qa:443 "GET /login HTTP/1.1" 200 4596
2026-05-03 16:18:20,602 [DEBUG] https://udstsport.udst.edu.qa:443 "POST /login HTTP/1.1" 302 None
2026-05-03 16:18:20,690 [DEBUG] https://udstsport.udst.edu.qa:443 "GET /home HTTP/1.1" 200 5774
2026-05-03 16:18:20,718 [INFO] Login successful
2026-05-03 16:18:20,795 [DEBUG] https://udstsport.udst.edu.qa:443 "GET /booking HTTP/1.1" 302 None
2026-05-03 16:18:20,797 [DEBUG] Starting new HTTP connection (1): udstsport.udst.edu.qa:80
2026-05-03 16:18:20,869 [DEBUG] http://udstsport.udst.edu.qa:80 "GET /booking?prop_res_client=UDST%2BCommunity&ppp_hidden_fields=prop_res_client HTTP/1.1" 302 0
2026-05-03 16:18:20,936 [DEBUG] https://udstsport.udst.edu.qa:443 "GET /booking?prop_res_client=UDST%2BCommunity&ppp_hidden_fields=prop_res_client HTTP/1.1" 200 8122
2026-05-03 16:18:27,472 [DEBUG] https://udstsport.udst.edu.qa:443 "POST /sportsbooking/planyo/ulap.php HTTP/1.1" 200 10866
2026-05-03 16:18:27,505 [DEBUG] Starting new HTTPS connection (1): www.planyo.com:443
2026-05-03 16:18:27,996 [DEBUG] https://www.planyo.com:443 "POST /fetch-data.php?&id=56012&with_resources=1 HTTP/1.1" 200 2868
2026-05-03 16:18:28,002 [INFO] Booking for Abdullah Musthafa (60302700) on May 07 2026 at 13.5
2026-05-03 16:18:28,082 [DEBUG] https://udstsport.udst.edu.qa:443 "GET /booking HTTP/1.1" 302 None
2026-05-03 16:18:28,411 [DEBUG] http://udstsport.udst.edu.qa:80 "GET /booking?prop_res_client=UDST%2BCommunity&ppp_hidden_fields=prop_res_client HTTP/1.1" 302 0
2026-05-03 16:18:28,494 [DEBUG] https://udstsport.udst.edu.qa:443 "GET /booking?prop_res_client=UDST%2BCommunity&ppp_hidden_fields=prop_res_client HTTP/1.1" 200 8122
2026-05-03 16:18:33,634 [DEBUG] https://udstsport.udst.edu.qa:443 "POST /sportsbooking/planyo/ulap.php HTTP/1.1" 200 1163
2026-05-03 16:18:33,636 [INFO] Booking successful!
2026-05-03 16:20:55,725 [DEBUG] Starting new HTTPS connection (1): udstsport.udst.edu.qa:443
2026-05-03 16:20:55,904 [DEBUG] https://udstsport.udst.edu.qa:443 "GET /login HTTP/1.1" 200 4598
2026-05-03 16:20:56,100 [DEBUG] https://udstsport.udst.edu.qa:443 "POST /login HTTP/1.1" 302 None
2026-05-03 16:20:56,185 [DEBUG] https://udstsport.udst.edu.qa:443 "GET /home HTTP/1.1" 200 5771
2026-05-03 16:20:56,212 [INFO] Login successful
2026-05-03 16:20:56,289 [DEBUG] https://udstsport.udst.edu.qa:443 "GET /booking HTTP/1.1" 302 None
2026-05-03 16:20:56,291 [DEBUG] Starting new HTTP connection (1): udstsport.udst.edu.qa:80
2026-05-03 16:20:56,330 [DEBUG] http://udstsport.udst.edu.qa:80 "GET /booking?prop_res_client=UDST%2BCommunity&ppp_hidden_fields=prop_res_client HTTP/1.1" 302 0
2026-05-03 16:20:56,394 [DEBUG] https://udstsport.udst.edu.qa:443 "GET /booking?prop_res_client=UDST%2BCommunity&ppp_hidden_fields=prop_res_client HTTP/1.1" 200 8121
2026-05-03 16:21:02,158 [DEBUG] https://udstsport.udst.edu.qa:443 "POST /sportsbooking/planyo/ulap.php HTTP/1.1" 200 10866
2026-05-03 16:21:02,203 [DEBUG] Starting new HTTPS connection (1): www.planyo.com:443
2026-05-03 16:21:02,785 [DEBUG] https://www.planyo.com:443 "POST /fetch-data.php?&id=56012&with_resources=1 HTTP/1.1" 200 2868
2026-05-03 16:21:02,790 [INFO] Booking for Abdullah Musthafa (60302700) on None at 13.5
2026-05-03 16:21:02,860 [DEBUG] https://udstsport.udst.edu.qa:443 "GET /booking HTTP/1.1" 302 None
2026-05-03 16:21:02,874 [DEBUG] http://udstsport.udst.edu.qa:80 "GET /booking?prop_res_client=UDST%2BCommunity&ppp_hidden_fields=prop_res_client HTTP/1.1" 302 0
2026-05-03 16:21:02,946 [DEBUG] https://udstsport.udst.edu.qa:443 "GET /booking?prop_res_client=UDST%2BCommunity&ppp_hidden_fields=prop_res_client HTTP/1.1" 200 8121
2026-05-03 16:21:03,515 [DEBUG] https://udstsport.udst.edu.qa:443 "POST /sportsbooking/planyo/ulap.php HTTP/1.1" 200 178
2026-05-03 16:21:03,517 [INFO] Booking successful!
2026-09-12 23:05:00,860 [DEBUG] Starting new HTTPS connection (1): udstsport.udst.edu.qa:443
2026-09-12 23:05:01,015 [DEBUG] https://udstsport.udst.edu.qa:443 "GET /login HTTP/1.1" 200 4595
2026-09-12 23:05:01,389 [DEBUG] https://udstsport.udst.edu.qa:443 "POST /login HTTP/1.1" 302 None
2026-09-12 23:05:01,425 [DEBUG] https://udstsport.udst.edu.qa:443 "GET /login HTTP/1.1" 200 4659
2026-09-12 23:05:11,072 [DEBUG] Starting new HTTPS connection (1): udstsport.udst.edu.qa:443
2026-09-12 23:05:11,160 [DEBUG] https://udstsport.udst.edu.qa:443 "GET /login HTTP/1.1" 200 4597
2026-09-12 23:05:11,502 [DEBUG] https://udstsport.udst.edu.qa:443 "POST /login HTTP/1.1" 302 None
2026-09-12 23:05:11,533 [DEBUG] https://udstsport.udst.edu.qa:443 "GET /login HTTP/1.1" 200 4660
2026-09-12 23:05:29,554 [DEBUG] Starting new HTTPS connection (1): udstsport.udst.edu.qa:443
2026-09-12 23:05:29,656 [DEBUG] https://udstsport.udst.edu.qa:443 "GET /login HTTP/1.1" 200 4596
2026-09-12 23:05:29,850 [DEBUG] https://udstsport.udst.edu.qa:443 "POST /login HTTP/1.1" 302 None
2026-09-12 23:05:29,931 [DEBUG] https://udstsport.udst.edu.qa:443 "GET /home HTTP/1.1" 200 5771
2026-09-12 23:05:29,967 [INFO] Login successful
2026-09-12 23:05:30,059 [DEBUG] https://udstsport.udst.edu.qa:443 "GET /booking HTTP/1.1" 302 None
2026-09-12 23:05:30,062 [DEBUG] Starting new HTTP connection (1): udstsport.udst.edu.qa:80
2026-09-12 23:05:30,097 [DEBUG] http://udstsport.udst.edu.qa:80 "GET /booking?prop_res_client=UDST%2BCommunity&ppp_hidden_fields=prop_res_client HTTP/1.1" 302 0
2026-09-12 23:05:30,178 [DEBUG] https://udstsport.udst.edu.qa:443 "GET /booking?prop_res_client=UDST%2BCommunity&ppp_hidden_fields=prop_res_client HTTP/1.1" 200 8120
2026-09-12 23:05:37,120 [DEBUG] https://udstsport.udst.edu.qa:443 "POST /sportsbooking/planyo/ulap.php HTTP/1.1" 200 12463
2026-09-12 23:05:37,195 [DEBUG] Starting new HTTPS connection (1): www.planyo.com:443
2026-09-12 23:05:37,586 [DEBUG] https://www.planyo.com:443 "POST /fetch-data.php?&id=56012&with_resources=1 HTTP/1.1" 500 0
2026-09-12 23:12:58,457 [DEBUG] Starting new HTTPS connection (1): udstsport.udst.edu.qa:443
2026-09-12 23:12:58,586 [DEBUG] https://udstsport.udst.edu.qa:443 "GET /login HTTP/1.1" 200 4597
2026-09-12 23:12:58,760 [DEBUG] https://udstsport.udst.edu.qa:443 "POST /login HTTP/1.1" 302 None
2026-09-12 23:12:58,879 [DEBUG] https://udstsport.udst.edu.qa:443 "GET /home HTTP/1.1" 200 5771
2026-09-12 23:12:58,914 [INFO] Login successful
2026-09-12 23:12:58,981 [DEBUG] https://udstsport.udst.edu.qa:443 "GET /booking HTTP/1.1" 302 None
2026-09-12 23:12:58,983 [DEBUG] Starting new HTTP connection (1): udstsport.udst.edu.qa:80
2026-09-12 23:12:59,014 [DEBUG] http://udstsport.udst.edu.qa:80 "GET /booking?prop_res_client=UDST%2BCommunity&ppp_hidden_fields=prop_res_client HTTP/1.1" 302 0
2026-09-12 23:12:59,087 [DEBUG] https://udstsport.udst.edu.qa:443 "GET /booking?prop_res_client=UDST%2BCommunity&ppp_hidden_fields=prop_res_client HTTP/1.1" 200 8121
2026-09-12 23:13:06,046 [DEBUG] https://udstsport.udst.edu.qa:443 "POST /sportsbooking/planyo/ulap.php HTTP/1.1" 200 12463
2026-09-12 23:13:14,091 [DEBUG] https://udstsport.udst.edu.qa:443 "POST /sportsbooking/planyo/ulap.php HTTP/1.1" 200 12463
2026-09-12 23:13:14,176 [DEBUG] Starting new HTTPS connection (1): www.planyo.com:443
2026-09-12 23:13:14,518 [DEBUG] https://www.planyo.com:443 "POST /fetch-data.php?&id=56012&with_resources=1 HTTP/1.1" 500 0
2026-09-12 23:13:54,608 [DEBUG] Starting new HTTPS connection (1): udstsport.udst.edu.qa:443
2026-09-12 23:13:54,713 [DEBUG] https://udstsport.udst.edu.qa:443 "GET /login HTTP/1.1" 200 4597
2026-09-12 23:13:55,085 [DEBUG] https://udstsport.udst.edu.qa:443 "POST /login HTTP/1.1" 302 None
2026-09-12 23:13:55,170 [DEBUG] https://udstsport.udst.edu.qa:443 "GET /home HTTP/1.1" 200 5770
2026-09-12 23:13:55,205 [INFO] Login successful
2026-09-12 23:13:55,342 [DEBUG] https://udstsport.udst.edu.qa:443 "GET /booking HTTP/1.1" 302 None
2026-09-12 23:13:55,344 [DEBUG] Starting new HTTP connection (1): udstsport.udst.edu.qa:80
2026-09-12 23:13:55,373 [DEBUG] http://udstsport.udst.edu.qa:80 "GET /booking?prop_res_client=UDST%2BCommunity&ppp_hidden_fields=prop_res_client HTTP/1.1" 302 0
2026-09-12 23:13:55,431 [DEBUG] https://udstsport.udst.edu.qa:443 "GET /booking?prop_res_client=UDST%2BCommunity&ppp_hidden_fields=prop_res_client HTTP/1.1" 200 8120
2026-09-12 23:14:02,759 [DEBUG] https://udstsport.udst.edu.qa:443 "POST /sportsbooking/planyo/ulap.php HTTP/1.1" 200 12463
2026-09-12 23:14:02,865 [DEBUG] Starting new HTTPS connection (1): www.planyo.com:443
2026-09-12 23:14:03,594 [DEBUG] https://www.planyo.com:443 "POST /fetch-data.php?&id=56012&with_resources=1 HTTP/1.1" 500 0
2026-09-12 23:14:44,011 [DEBUG] Starting new HTTPS connection (1): udstsport.udst.edu.qa:443
2026-09-12 23:14:44,100 [DEBUG] https://udstsport.udst.edu.qa:443 "GET /login HTTP/1.1" 200 4598
2026-09-12 23:14:44,280 [DEBUG] https://udstsport.udst.edu.qa:443 "POST /login HTTP/1.1" 302 None
2026-09-12 23:14:44,397 [DEBUG] https://udstsport.udst.edu.qa:443 "GET /home HTTP/1.1" 200 5768
2026-09-12 23:14:44,433 [INFO] Login successful
2026-09-12 23:14:44,509 [DEBUG] https://udstsport.udst.edu.qa:443 "GET /booking HTTP/1.1" 302 None
2026-09-12 23:14:44,516 [DEBUG] Starting new HTTP connection (1): udstsport.udst.edu.qa:80
2026-09-12 23:14:44,544 [DEBUG] http://udstsport.udst.edu.qa:80 "GET /booking?prop_res_client=UDST%2BCommunity&ppp_hidden_fields=prop_res_client HTTP/1.1" 302 0
2026-09-12 23:14:44,613 [DEBUG] https://udstsport.udst.edu.qa:443 "GET /booking?prop_res_client=UDST%2BCommunity&ppp_hidden_fields=prop_res_client HTTP/1.1" 200 8117
2026-09-12 23:14:51,282 [DEBUG] https://udstsport.udst.edu.qa:443 "POST /sportsbooking/planyo/ulap.php HTTP/1.1" 200 12463
2026-09-12 23:14:51,384 [DEBUG] Starting new HTTPS connection (1): www.planyo.com:443
2026-09-12 23:14:51,762 [DEBUG] https://www.planyo.com:443 "POST /fetch-data.php?&id=56012&with_resources=1 HTTP/1.1" 500 0
2026-09-12 23:15:08,094 [DEBUG] Starting new HTTPS connection (1): udstsport.udst.edu.qa:443
2026-09-12 23:15:08,201 [DEBUG] https://udstsport.udst.edu.qa:443 "GET /login HTTP/1.1" 200 4596
2026-09-12 23:15:08,389 [DEBUG] https://udstsport.udst.edu.qa:443 "POST /login HTTP/1.1" 302 None
2026-09-12 23:15:08,477 [DEBUG] https://udstsport.udst.edu.qa:443 "GET /home HTTP/1.1" 200 5772
2026-09-12 23:15:08,512 [INFO] Login successful
2026-09-12 23:15:08,593 [DEBUG] https://udstsport.udst.edu.qa:443 "GET /booking HTTP/1.1" 302 None
2026-09-12 23:15:08,594 [DEBUG] Starting new HTTP connection (1): udstsport.udst.edu.qa:80
2026-09-12 23:15:08,626 [DEBUG] http://udstsport.udst.edu.qa:80 "GET /booking?prop_res_client=UDST%2BCommunity&ppp_hidden_fields=prop_res_client HTTP/1.1" 302 0
2026-09-12 23:15:08,693 [DEBUG] https://udstsport.udst.edu.qa:443 "GET /booking?prop_res_client=UDST%2BCommunity&ppp_hidden_fields=prop_res_client HTTP/1.1" 200 8119
2026-09-12 23:15:14,599 [DEBUG] https://udstsport.udst.edu.qa:443 "POST /sportsbooking/planyo/ulap.php HTTP/1.1" 200 12463
2026-09-12 23:15:14,677 [DEBUG] Starting new HTTPS connection (1): www.planyo.com:443
2026-09-12 23:15:15,259 [DEBUG] https://www.planyo.com:443 "POST /fetch-data.php?&id=56012&with_resources=1 HTTP/1.1" 500 0
2026-09-12 23:15:30,036 [DEBUG] Starting new HTTPS connection (1): udstsport.udst.edu.qa:443
2026-09-12 23:15:30,176 [DEBUG] https://udstsport.udst.edu.qa:443 "GET /login HTTP/1.1" 200 4597
2026-09-12 23:15:30,507 [DEBUG] https://udstsport.udst.edu.qa:443 "POST /login HTTP/1.1" 302 None
2026-09-12 23:15:30,588 [DEBUG] https://udstsport.udst.edu.qa:443 "GET /home HTTP/1.1" 200 5770
2026-09-12 23:15:30,624 [INFO] Login successful
2026-09-12 23:15:30,691 [DEBUG] https://udstsport.udst.edu.qa:443 "GET /booking HTTP/1.1" 302 None
2026-09-12 23:15:30,693 [DEBUG] Starting new HTTP connection (1): udstsport.udst.edu.qa:80
2026-09-12 23:15:30,724 [DEBUG] http://udstsport.udst.edu.qa:80 "GET /booking?prop_res_client=UDST%2BCommunity&ppp_hidden_fields=prop_res_client HTTP/1.1" 302 0
2026-09-12 23:15:30,799 [DEBUG] https://udstsport.udst.edu.qa:443 "GET /booking?prop_res_client=UDST%2BCommunity&ppp_hidden_fields=prop_res_client HTTP/1.1" 200 8119
2026-09-12 23:15:37,676 [DEBUG] https://udstsport.udst.edu.qa:443 "POST /sportsbooking/planyo/ulap.php HTTP/1.1" 200 12463
2026-09-12 23:15:37,754 [DEBUG] Starting new HTTPS connection (1): www.planyo.com:443
2026-09-12 23:15:38,396 [DEBUG] https://www.planyo.com:443 "POST /fetch-data.php?&id=56012&with_resources=1 HTTP/1.1" 500 0
2026-09-12 23:16:28,473 [DEBUG] Starting new HTTPS connection (1): udstsport.udst.edu.qa:443
2026-09-12 23:16:28,581 [DEBUG] https://udstsport.udst.edu.qa:443 "GET /login HTTP/1.1" 200 4598
2026-09-12 23:16:28,742 [DEBUG] https://udstsport.udst.edu.qa:443 "POST /login HTTP/1.1" 302 None
2026-09-12 23:16:28,850 [DEBUG] https://udstsport.udst.edu.qa:443 "GET /home HTTP/1.1" 200 5772
2026-09-12 23:16:28,876 [INFO] Login successful
2026-09-12 23:16:28,936 [DEBUG] https://udstsport.udst.edu.qa:443 "GET /booking HTTP/1.1" 302 None
2026-09-12 23:16:28,939 [DEBUG] Starting new HTTP connection (1): udstsport.udst.edu.qa:80
2026-09-12 23:16:28,975 [DEBUG] http://udstsport.udst.edu.qa:80 "GET /booking?prop_res_client=UDST%2BCommunity&ppp_hidden_fields=prop_res_client HTTP/1.1" 302 0
2026-09-12 23:16:29,053 [DEBUG] https://udstsport.udst.edu.qa:443 "GET /booking?prop_res_client=UDST%2BCommunity&ppp_hidden_fields=prop_res_client HTTP/1.1" 200 8122
2026-09-12 23:16:35,208 [DEBUG] https://udstsport.udst.edu.qa:443 "POST /sportsbooking/planyo/ulap.php HTTP/1.1" 200 12463
2026-09-12 23:16:35,261 [DEBUG] Starting new HTTPS connection (1): www.planyo.com:443
2026-09-12 23:16:35,850 [DEBUG] https://www.planyo.com:443 "POST /fetch-data.php?&id=56012&with_resources=1 HTTP/1.1" 500 0
2026-09-12 23:23:14,289 [DEBUG] Starting new HTTPS connection (1): udstsport.udst.edu.qa:443
2026-09-12 23:23:14,386 [DEBUG] https://udstsport.udst.edu.qa:443 "GET /login HTTP/1.1" 200 4597
2026-09-12 23:23:14,560 [DEBUG] https://udstsport.udst.edu.qa:443 "POST /login HTTP/1.1" 302 None
2026-09-12 23:23:14,644 [DEBUG] https://udstsport.udst.edu.qa:443 "GET /home HTTP/1.1" 200 5772
2026-09-12 23:23:14,670 [INFO] Login successful
2026-09-12 23:23:14,736 [DEBUG] https://udstsport.udst.edu.qa:443 "GET /booking HTTP/1.1" 302 None
2026-09-12 23:23:14,739 [DEBUG] Starting new HTTP connection (1): udstsport.udst.edu.qa:80
2026-09-12 23:23:14,777 [DEBUG] http://udstsport.udst.edu.qa:80 "GET /booking?prop_res_client=UDST%2BCommunity&ppp_hidden_fields=prop_res_client HTTP/1.1" 302 0
2026-09-12 23:23:14,849 [DEBUG] https://udstsport.udst.edu.qa:443 "GET /booking?prop_res_client=UDST%2BCommunity&ppp_hidden_fields=prop_res_client HTTP/1.1" 200 8122
2026-09-12 23:23:21,496 [DEBUG] https://udstsport.udst.edu.qa:443 "POST /sportsbooking/planyo/ulap.php HTTP/1.1" 200 12463
2026-09-12 23:23:21,574 [INFO] Booking for Abdullah Kavilkuth (60302700) on September 19 2026 at 13.5
2026-09-12 23:23:21,649 [DEBUG] https://udstsport.udst.edu.qa:443 "GET /booking HTTP/1.1" 302 None
2026-09-12 23:23:21,664 [DEBUG] http://udstsport.udst.edu.qa:80 "GET /booking?prop_res_client=UDST%2BCommunity&ppp_hidden_fields=prop_res_client HTTP/1.1" 302 0
2026-09-12 23:23:21,731 [DEBUG] https://udstsport.udst.edu.qa:443 "GET /booking?prop_res_client=UDST%2BCommunity&ppp_hidden_fields=prop_res_client HTTP/1.1" 200 8122
2026-09-12 23:45:50,983 [DEBUG] Starting new HTTPS connection (1): udstsport.udst.edu.qa:443
2026-09-12 23:45:51,077 [DEBUG] https://udstsport.udst.edu.qa:443 "GET /login HTTP/1.1" 200 4599
2026-09-12 23:45:51,767 [DEBUG] https://udstsport.udst.edu.qa:443 "POST /login HTTP/1.1" 302 None
2026-09-12 23:45:51,849 [DEBUG] https://udstsport.udst.edu.qa:443 "GET /home HTTP/1.1" 200 5770
2026-09-12 23:45:51,896 [INFO] Login successful
2026-09-12 23:45:51,979 [DEBUG] https://udstsport.udst.edu.qa:443 "GET /booking HTTP/1.1" 302 None
2026-09-12 23:45:51,981 [DEBUG] Starting new HTTP connection (1): udstsport.udst.edu.qa:80
2026-09-12 23:45:52,012 [DEBUG] http://udstsport.udst.edu.qa:80 "GET /booking?prop_res_client=UDST%2BCommunity&ppp_hidden_fields=prop_res_client HTTP/1.1" 302 0
2026-09-12 23:45:52,088 [DEBUG] https://udstsport.udst.edu.qa:443 "GET /booking?prop_res_client=UDST%2BCommunity&ppp_hidden_fields=prop_res_client HTTP/1.1" 200 8119
2026-09-12 23:45:52,144 [DEBUG] https://udstsport.udst.edu.qa:443 "POST /sportsbooking/planyo/ulap.php HTTP/1.1" 419 None
2026-09-12 23:45:52,145 [DEBUG] fetch_ulap failed: {
    "message": "CSRF token mismatch."
}
2026-09-12 23:51:29,968 [DEBUG] Starting new HTTPS connection (1): udstsport.udst.edu.qa:443
2026-09-12 23:51:30,100 [DEBUG] https://udstsport.udst.edu.qa:443 "GET /login HTTP/1.1" 200 4601
2026-09-12 23:51:30,332 [DEBUG] https://udstsport.udst.edu.qa:443 "POST /login HTTP/1.1" 302 None
2026-09-12 23:51:30,420 [DEBUG] https://udstsport.udst.edu.qa:443 "GET /home HTTP/1.1" 200 5771
2026-09-12 23:51:30,465 [INFO] Login successful
2026-09-12 23:51:30,530 [DEBUG] https://udstsport.udst.edu.qa:443 "GET /booking HTTP/1.1" 302 None
2026-09-12 23:51:30,533 [DEBUG] Starting new HTTP connection (1): udstsport.udst.edu.qa:80
2026-09-12 23:51:30,564 [DEBUG] http://udstsport.udst.edu.qa:80 "GET /booking?prop_res_client=UDST%2BCommunity&ppp_hidden_fields=prop_res_client HTTP/1.1" 302 0
2026-09-12 23:51:30,626 [DEBUG] https://udstsport.udst.edu.qa:443 "GET /booking?prop_res_client=UDST%2BCommunity&ppp_hidden_fields=prop_res_client HTTP/1.1" 200 8120
2026-09-12 23:51:30,680 [DEBUG] https://udstsport.udst.edu.qa:443 "POST /sportsbooking/planyo/ulap.php HTTP/1.1" 419 None
2026-09-12 23:51:30,680 [DEBUG] fetch_ulap failed: {
    "message": "CSRF token mismatch."
}
2026-09-12 23:52:24,391 [DEBUG] Starting new HTTPS connection (1): udstsport.udst.edu.qa:443
2026-09-12 23:52:24,584 [DEBUG] https://udstsport.udst.edu.qa:443 "GET /login HTTP/1.1" 200 4598
2026-09-12 23:52:24,770 [DEBUG] https://udstsport.udst.edu.qa:443 "POST /login HTTP/1.1" 302 None
2026-09-12 23:52:24,865 [DEBUG] https://udstsport.udst.edu.qa:443 "GET /home HTTP/1.1" 200 5771
2026-09-12 23:52:24,898 [INFO] Login successful
2026-09-12 23:52:24,958 [DEBUG] https://udstsport.udst.edu.qa:443 "GET /booking HTTP/1.1" 302 None
2026-09-12 23:52:24,961 [DEBUG] Starting new HTTP connection (1): udstsport.udst.edu.qa:80
2026-09-12 23:52:24,995 [DEBUG] http://udstsport.udst.edu.qa:80 "GET /booking?prop_res_client=UDST%2BCommunity&ppp_hidden_fields=prop_res_client HTTP/1.1" 302 0
2026-09-12 23:52:25,098 [DEBUG] https://udstsport.udst.edu.qa:443 "GET /booking?prop_res_client=UDST%2BCommunity&ppp_hidden_fields=prop_res_client HTTP/1.1" 200 8121
2026-09-12 23:52:31,671 [DEBUG] https://udstsport.udst.edu.qa:443 "POST /sportsbooking/planyo/ulap.php HTTP/1.1" 200 12463
2026-09-12 23:52:31,770 [DEBUG] https://udstsport.udst.edu.qa:443 "POST /sportsbooking/planyo/ulap.php?&id=56012&with_resources=1 HTTP/1.1" 419 None
2026-09-13 00:12:35,940 [DEBUG] Starting new HTTPS connection (1): udstsport.udst.edu.qa:443
2026-09-13 00:12:36,086 [DEBUG] https://udstsport.udst.edu.qa:443 "GET /login HTTP/1.1" 200 4598
2026-09-13 00:12:36,328 [DEBUG] https://udstsport.udst.edu.qa:443 "POST /login HTTP/1.1" 302 None
2026-09-13 00:12:36,403 [DEBUG] https://udstsport.udst.edu.qa:443 "GET /home HTTP/1.1" 200 5769
2026-09-13 00:12:36,436 [INFO] Login successful
2026-09-13 00:12:36,496 [DEBUG] https://udstsport.udst.edu.qa:443 "GET /booking HTTP/1.1" 302 None
2026-09-13 00:12:36,500 [DEBUG] Starting new HTTP connection (1): udstsport.udst.edu.qa:80
2026-09-13 00:12:36,538 [DEBUG] http://udstsport.udst.edu.qa:80 "GET /booking?prop_res_client=UDST%2BCommunity&ppp_hidden_fields=prop_res_client HTTP/1.1" 302 0
2026-09-13 00:12:36,607 [DEBUG] https://udstsport.udst.edu.qa:443 "GET /booking?prop_res_client=UDST%2BCommunity&ppp_hidden_fields=prop_res_client HTTP/1.1" 200 8119
2026-09-13 00:12:43,803 [DEBUG] https://udstsport.udst.edu.qa:443 "POST /sportsbooking/planyo/ulap.php HTTP/1.1" 200 12463
2026-09-13 00:12:43,874 [DEBUG] Starting new HTTPS connection (1): www.planyo.com:443
2026-09-13 00:12:46,159 [DEBUG] https://www.planyo.com:443 "POST /fetch-data.php?callback=jQuery11200030016422366728412_1789246617319&month=9&year=2026&id=56012&with_resources=1 HTTP/1.1" 200 26511
2026-09-13 00:12:46,241 [INFO] Booking for Abdullah Kavilkuth (60302700) on September 20 2026 at 13.5
2026-09-13 00:12:46,308 [DEBUG] https://udstsport.udst.edu.qa:443 "GET /booking HTTP/1.1" 302 None
2026-09-13 00:12:46,323 [DEBUG] http://udstsport.udst.edu.qa:80 "GET /booking?prop_res_client=UDST%2BCommunity&ppp_hidden_fields=prop_res_client HTTP/1.1" 302 0
2026-09-13 00:12:46,382 [DEBUG] https://udstsport.udst.edu.qa:443 "GET /booking?prop_res_client=UDST%2BCommunity&ppp_hidden_fields=prop_res_client HTTP/1.1" 200 8119
2026-09-13 00:12:47,285 [DEBUG] https://udstsport.udst.edu.qa:443 "POST /sportsbooking/planyo/ulap.php HTTP/1.1" 200 200
2026-09-13 00:12:47,286 [INFO] Booking successful!
2026-10-01 14:28:55,444 [DEBUG] Starting new HTTPS connection (1): udstsport.udst.edu.qa:443
2026-10-01 14:28:55,560 [DEBUG] https://udstsport.udst.edu.qa:443 "GET /login HTTP/1.1" 200 4597
2026-10-01 14:28:55,806 [DEBUG] https://udstsport.udst.edu.qa:443 "POST /login HTTP/1.1" 302 None
2026-10-01 14:28:55,871 [DEBUG] https://udstsport.udst.edu.qa:443 "GET /home HTTP/1.1" 200 5770
2026-10-01 14:28:55,901 [INFO] Login successful
2026-10-01 14:28:55,952 [DEBUG] https://udstsport.udst.edu.qa:443 "GET /booking HTTP/1.1" 302 None
2026-10-01 14:28:55,955 [DEBUG] Starting new HTTP connection (1): udstsport.udst.edu.qa:80
2026-10-01 14:28:56,002 [DEBUG] http://udstsport.udst.edu.qa:80 "GET /booking?prop_res_client=UDST%2BCommunity&ppp_hidden_fields=prop_res_client HTTP/1.1" 302 0
2026-10-01 14:28:56,064 [DEBUG] https://udstsport.udst.edu.qa:443 "GET /booking?prop_res_client=UDST%2BCommunity&ppp_hidden_fields=prop_res_client HTTP/1.1" 200 8120
2026-10-01 14:29:03,682 [DEBUG] https://udstsport.udst.edu.qa:443 "POST /sportsbooking/planyo/ulap.php HTTP/1.1" 200 13268
2026-10-01 14:29:03,725 [DEBUG] Starting new HTTPS connection (1): www.planyo.com:443
2026-10-01 14:29:04,600 [DEBUG] https://www.planyo.com:443 "POST /fetch-data.php?callback=jQuery11200030016422366728412_1789246617319&month=10&year=2026&id=56012&with_resources=1 HTTP/1.1" 200 33165
2026-10-01 14:29:04,719 [INFO] Booking for Abdullah Kavilkuth (60302700) on October 08 2026 at 13.5
2026-10-01 14:29:04,774 [DEBUG] https://udstsport.udst.edu.qa:443 "GET /booking HTTP/1.1" 302 None
2026-10-01 14:29:04,782 [DEBUG] http://udstsport.udst.edu.qa:80 "GET /booking?prop_res_client=UDST%2BCommunity&ppp_hidden_fields=prop_res_client HTTP/1.1" 302 0
2026-10-01 14:29:04,834 [DEBUG] https://udstsport.udst.edu.qa:443 "GET /booking?prop_res_client=UDST%2BCommunity&ppp_hidden_fields=prop_res_client HTTP/1.1" 200 8120
2026-10-01 14:29:09,619 [DEBUG] https://udstsport.udst.edu.qa:443 "POST /sportsbooking/planyo/ulap.php HTTP/1.1" 200 1158
2026-10-01 14:29:09,620 [INFO] Booking successful!
2026-10-02 23:13:03,519 [DEBUG] Starting new HTTPS connection (1): udstsport.udst.edu.qa:443
2026-10-02 23:13:03,597 [DEBUG] https://udstsport.udst.edu.qa:443 "GET /login HTTP/1.1" 200 4597
2026-10-02 23:13:03,878 [DEBUG] https://udstsport.udst.edu.qa:443 "POST /login HTTP/1.1" 302 None
2026-10-02 23:13:03,956 [DEBUG] https://udstsport.udst.edu.qa:443 "GET /home HTTP/1.1" 200 5770
2026-10-02 23:13:03,978 [INFO] Login successful
2026-10-02 23:13:04,033 [DEBUG] https://udstsport.udst.edu.qa:443 "GET /booking HTTP/1.1" 302 None
2026-10-02 23:13:04,036 [DEBUG] Starting new HTTP connection (1): udstsport.udst.edu.qa:80
2026-10-02 23:13:04,061 [DEBUG] http://udstsport.udst.edu.qa:80 "GET /booking?prop_res_client=UDST%2BCommunity&ppp_hidden_fields=prop_res_client HTTP/1.1" 302 0
2026-10-02 23:13:04,130 [DEBUG] https://udstsport.udst.edu.qa:443 "GET /booking?prop_res_client=UDST%2BCommunity&ppp_hidden_fields=prop_res_client HTTP/1.1" 200 8119
2026-10-02 23:13:11,763 [DEBUG] https://udstsport.udst.edu.qa:443 "POST /sportsbooking/planyo/ulap.php HTTP/1.1" 200 13268
2026-10-02 23:13:11,803 [DEBUG] Starting new HTTPS connection (1): www.planyo.com:443
2026-10-02 23:13:14,359 [DEBUG] https://www.planyo.com:443 "POST /fetch-data.php?callback=jQuery11200030016422366728412_1789246617319&month=10&year=2026&id=56012&with_resources=1 HTTP/1.1" 200 32355
2026-10-02 23:13:14,395 [INFO] Booking for Abdullah Kavilkuth (60302700) on October 09 2026 at 12.5
2026-10-02 23:13:14,835 [DEBUG] https://udstsport.udst.edu.qa:443 "GET /booking HTTP/1.1" 302 None
2026-10-02 23:13:14,846 [DEBUG] http://udstsport.udst.edu.qa:80 "GET /booking?prop_res_client=UDST%2BCommunity&ppp_hidden_fields=prop_res_client HTTP/1.1" 302 0
2026-10-02 23:13:14,927 [DEBUG] https://udstsport.udst.edu.qa:443 "GET /booking?prop_res_client=UDST%2BCommunity&ppp_hidden_fields=prop_res_client HTTP/1.1" 200 8119
2026-10-02 23:13:15,757 [DEBUG] https://udstsport.udst.edu.qa:443 "POST /sportsbooking/planyo/ulap.php HTTP/1.1" 200 171
2026-10-02 23:13:15,758 [INFO] Booking successful!
2026-10-02 23:13:57,308 [DEBUG] Starting new HTTPS connection (1): udstsport.udst.edu.qa:443
2026-10-02 23:13:57,394 [DEBUG] https://udstsport.udst.edu.qa:443 "GET /login HTTP/1.1" 200 4597
2026-10-02 23:13:57,581 [DEBUG] https://udstsport.udst.edu.qa:443 "POST /login HTTP/1.1" 302 None
2026-10-02 23:13:57,657 [DEBUG] https://udstsport.udst.edu.qa:443 "GET /home HTTP/1.1" 200 5771
2026-10-02 23:13:57,681 [INFO] Login successful
2026-10-02 23:14:11,197 [DEBUG] Starting new HTTPS connection (1): udstsport.udst.edu.qa:443
2026-10-02 23:14:11,268 [DEBUG] https://udstsport.udst.edu.qa:443 "GET /login HTTP/1.1" 200 4597
2026-10-02 23:14:11,464 [DEBUG] https://udstsport.udst.edu.qa:443 "POST /login HTTP/1.1" 302 None
2026-10-02 23:14:11,535 [DEBUG] https://udstsport.udst.edu.qa:443 "GET /home HTTP/1.1" 200 5772
2026-10-02 23:14:11,557 [INFO] Login successful
2026-10-02 23:14:17,399 [DEBUG] Starting new HTTPS connection (1): udstsport.udst.edu.qa:443
2026-10-02 23:14:17,491 [DEBUG] https://udstsport.udst.edu.qa:443 "GET /login HTTP/1.1" 200 4597
2026-10-02 23:14:17,653 [DEBUG] https://udstsport.udst.edu.qa:443 "POST /login HTTP/1.1" 302 None
2026-10-02 23:14:17,729 [DEBUG] https://udstsport.udst.edu.qa:443 "GET /home HTTP/1.1" 200 5769
2026-10-02 23:14:17,753 [INFO] Login successful
2026-10-02 23:15:48,521 [DEBUG] Starting new HTTPS connection (1): udstsport.udst.edu.qa:443
2026-10-02 23:15:48,597 [DEBUG] https://udstsport.udst.edu.qa:443 "GET /login HTTP/1.1" 200 4599
2026-10-02 23:15:48,963 [DEBUG] https://udstsport.udst.edu.qa:443 "POST /login HTTP/1.1" 302 None
2026-10-02 23:15:49,042 [DEBUG] https://udstsport.udst.edu.qa:443 "GET /home HTTP/1.1" 200 5769
2026-10-02 23:15:49,052 [INFO] Login successful
2026-10-02 23:15:49,251 [DEBUG] https://udstsport.udst.edu.qa:443 "GET /booking HTTP/1.1" 302 None
2026-10-02 23:15:49,254 [DEBUG] Starting new HTTP connection (1): udstsport.udst.edu.qa:80
2026-10-02 23:15:49,329 [DEBUG] http://udstsport.udst.edu.qa:80 "GET /booking?prop_res_client=UDST%2BCommunity&ppp_hidden_fields=prop_res_client HTTP/1.1" 302 0
2026-10-02 23:15:49,406 [DEBUG] https://udstsport.udst.edu.qa:443 "GET /booking?prop_res_client=UDST%2BCommunity&ppp_hidden_fields=prop_res_client HTTP/1.1" 200 8118
2026-10-02 23:15:56,528 [DEBUG] https://udstsport.udst.edu.qa:443 "POST /sportsbooking/planyo/ulap.php HTTP/1.1" 200 13268
2026-10-02 23:15:56,568 [DEBUG] Starting new HTTPS connection (1): www.planyo.com:443
2026-10-02 23:15:57,462 [DEBUG] https://www.planyo.com:443 "POST /fetch-data.php?callback=jQuery11200030016422366728412_1789246617319&month=10&year=2026&id=56012&with_resources=1 HTTP/1.1" 200 32355
2026-10-02 23:15:57,511 [INFO] Booking for Abdullah Kavilkuth (60302700) on October 09 2026 at 12.5
2026-10-02 23:15:57,563 [DEBUG] https://udstsport.udst.edu.qa:443 "GET /booking HTTP/1.1" 302 None
2026-10-02 23:15:57,573 [DEBUG] http://udstsport.udst.edu.qa:80 "GET /booking?prop_res_client=UDST%2BCommunity&ppp_hidden_fields=prop_res_client HTTP/1.1" 302 0
2026-10-02 23:15:57,642 [DEBUG] https://udstsport.udst.edu.qa:443 "GET /booking?prop_res_client=UDST%2BCommunity&ppp_hidden_fields=prop_res_client HTTP/1.1" 200 8118
2026-10-02 23:15:58,697 [DEBUG] https://udstsport.udst.edu.qa:443 "POST /sportsbooking/planyo/ulap.php HTTP/1.1" 200 171
2026-10-02 23:15:58,697 [INFO] Booking successful!
2026-10-02 23:18:17,294 [DEBUG] Starting new HTTPS connection (1): udstsport.udst.edu.qa:443
2026-10-02 23:18:17,376 [DEBUG] https://udstsport.udst.edu.qa:443 "GET /login HTTP/1.1" 200 4596
2026-10-02 23:18:17,542 [DEBUG] https://udstsport.udst.edu.qa:443 "POST /login HTTP/1.1" 302 None
2026-10-02 23:18:17,613 [DEBUG] https://udstsport.udst.edu.qa:443 "GET /home HTTP/1.1" 200 5772
2026-10-02 23:18:17,630 [INFO] Login successful
2026-10-02 23:18:17,686 [DEBUG] https://udstsport.udst.edu.qa:443 "GET /booking HTTP/1.1" 302 None
2026-10-02 23:18:17,689 [DEBUG] Starting new HTTP connection (1): udstsport.udst.edu.qa:80
2026-10-02 23:18:17,719 [DEBUG] http://udstsport.udst.edu.qa:80 "GET /booking?prop_res_client=UDST%2BCommunity&ppp_hidden_fields=prop_res_client HTTP/1.1" 302 0
2026-10-02 23:18:17,784 [DEBUG] https://udstsport.udst.edu.qa:443 "GET /booking?prop_res_client=UDST%2BCommunity&ppp_hidden_fields=prop_res_client HTTP/1.1" 200 8120
2026-10-02 23:18:25,011 [DEBUG] https://udstsport.udst.edu.qa:443 "POST /sportsbooking/planyo/ulap.php HTTP/1.1" 200 13268
2026-10-02 23:18:25,059 [DEBUG] Starting new HTTPS connection (1): www.planyo.com:443
2026-10-02 23:18:27,673 [DEBUG] https://www.planyo.com:443 "POST /fetch-data.php?callback=jQuery11200030016422366728412_1789246617319&month=10&year=2026&id=56012&with_resources=1 HTTP/1.1" 200 32350
2026-10-02 23:18:27,712 [INFO] Booking for Abdullah Kavilkuth (60302700) on October 09 2026 at 12.5
2026-10-02 23:18:27,781 [DEBUG] https://udstsport.udst.edu.qa:443 "GET /booking HTTP/1.1" 302 None
2026-10-02 23:18:27,798 [DEBUG] http://udstsport.udst.edu.qa:80 "GET /booking?prop_res_client=UDST%2BCommunity&ppp_hidden_fields=prop_res_client HTTP/1.1" 302 0
2026-10-02 23:18:27,859 [DEBUG] https://udstsport.udst.edu.qa:443 "GET /booking?prop_res_client=UDST%2BCommunity&ppp_hidden_fields=prop_res_client HTTP/1.1" 200 8120
2026-10-02 23:18:28,793 [DEBUG] https://udstsport.udst.edu.qa:443 "POST /sportsbooking/planyo/ulap.php HTTP/1.1" 200 171
2026-10-02 23:18:28,795 [INFO] Booking successful!
2026-10-02 23:20:01,123 [DEBUG] Starting new HTTPS connection (1): udstsport.udst.edu.qa:443
2026-10-02 23:20:01,202 [DEBUG] https://udstsport.udst.edu.qa:443 "GET /login HTTP/1.1" 200 4598
2026-10-02 23:20:01,374 [DEBUG] https://udstsport.udst.edu.qa:443 "POST /login HTTP/1.1" 302 None
2026-10-02 23:20:01,449 [DEBUG] https://udstsport.udst.edu.qa:443 "GET /home HTTP/1.1" 200 5772
2026-10-02 23:20:01,474 [INFO] Login successful
2026-10-02 23:20:01,530 [DEBUG] https://udstsport.udst.edu.qa:443 "GET /booking HTTP/1.1" 302 None
2026-10-02 23:20:01,533 [DEBUG] Starting new HTTP connection (1): udstsport.udst.edu.qa:80
2026-10-02 23:20:01,558 [DEBUG] http://udstsport.udst.edu.qa:80 "GET /booking?prop_res_client=UDST%2BCommunity&ppp_hidden_fields=prop_res_client HTTP/1.1" 302 0
2026-10-02 23:20:01,629 [DEBUG] https://udstsport.udst.edu.qa:443 "GET /booking?prop_res_client=UDST%2BCommunity&ppp_hidden_fields=prop_res_client HTTP/1.1" 200 8121
2026-10-02 23:20:09,974 [DEBUG] https://udstsport.udst.edu.qa:443 "POST /sportsbooking/planyo/ulap.php HTTP/1.1" 200 13268
2026-10-02 23:20:10,013 [DEBUG] Starting new HTTPS connection (1): www.planyo.com:443
2026-10-02 23:20:10,894 [DEBUG] https://www.planyo.com:443 "POST /fetch-data.php?callback=jQuery11200030016422366728412_1789246617319&month=10&year=2026&id=56012&with_resources=1 HTTP/1.1" 200 32350
2026-10-02 23:20:10,941 [INFO] Booking for Abdullah Kavilkuth (60302700) on October 09 2026 at 12.5
2026-10-02 23:20:10,998 [DEBUG] https://udstsport.udst.edu.qa:443 "GET /booking HTTP/1.1" 302 None
2026-10-02 23:20:11,010 [DEBUG] http://udstsport.udst.edu.qa:80 "GET /booking?prop_res_client=UDST%2BCommunity&ppp_hidden_fields=prop_res_client HTTP/1.1" 302 0
2026-10-02 23:20:11,073 [DEBUG] https://udstsport.udst.edu.qa:443 "GET /booking?prop_res_client=UDST%2BCommunity&ppp_hidden_fields=prop_res_client HTTP/1.1" 200 8121
2026-10-02 23:20:11,715 [DEBUG] https://udstsport.udst.edu.qa:443 "POST /sportsbooking/planyo/ulap.php HTTP/1.1" 200 171
2026-10-02 23:20:11,716 [INFO] Booking successful!
2026-10-02 23:23:31,370 [DEBUG] Starting new HTTPS connection (1): udstsport.udst.edu.qa:443
2026-10-02 23:23:31,442 [DEBUG] https://udstsport.udst.edu.qa:443 "GET /login HTTP/1.1" 200 4597
2026-10-02 23:23:31,706 [DEBUG] https://udstsport.udst.edu.qa:443 "POST /login HTTP/1.1" 302 None
2026-10-02 23:23:31,808 [DEBUG] https://udstsport.udst.edu.qa:443 "GET /home HTTP/1.1" 200 5772
2026-10-02 23:23:31,832 [INFO] Login successful
2026-10-02 23:23:31,887 [DEBUG] https://udstsport.udst.edu.qa:443 "GET /booking HTTP/1.1" 302 None
2026-10-02 23:23:31,889 [DEBUG] Starting new HTTP connection (1): udstsport.udst.edu.qa:80
2026-10-02 23:23:31,919 [DEBUG] http://udstsport.udst.edu.qa:80 "GET /booking?prop_res_client=UDST%2BCommunity&ppp_hidden_fields=prop_res_client HTTP/1.1" 302 0
2026-10-02 23:23:32,003 [DEBUG] https://udstsport.udst.edu.qa:443 "GET /booking?prop_res_client=UDST%2BCommunity&ppp_hidden_fields=prop_res_client HTTP/1.1" 200 8122
2026-10-02 23:23:42,561 [DEBUG] https://udstsport.udst.edu.qa:443 "POST /sportsbooking/planyo/ulap.php HTTP/1.1" 200 13268
2026-10-02 23:23:42,608 [DEBUG] Starting new HTTPS connection (1): www.planyo.com:443
2026-10-02 23:23:45,428 [DEBUG] https://www.planyo.com:443 "POST /fetch-data.php?callback=jQuery11200030016422366728412_1789246617319&month=10&year=2026&id=56012&with_resources=1 HTTP/1.1" 200 32362
2026-10-02 23:23:45,467 [INFO] Booking for Abdullah Kavilkuth (60302700) on October 09 2026 at 12.5
2026-10-02 23:23:45,520 [DEBUG] https://udstsport.udst.edu.qa:443 "GET /booking HTTP/1.1" 302 None
2026-10-02 23:23:45,537 [DEBUG] http://udstsport.udst.edu.qa:80 "GET /booking?prop_res_client=UDST%2BCommunity&ppp_hidden_fields=prop_res_client HTTP/1.1" 302 0
2026-10-02 23:23:45,596 [DEBUG] https://udstsport.udst.edu.qa:443 "GET /booking?prop_res_client=UDST%2BCommunity&ppp_hidden_fields=prop_res_client HTTP/1.1" 200 8122
2026-10-02 23:23:46,347 [DEBUG] https://udstsport.udst.edu.qa:443 "POST /sportsbooking/planyo/ulap.php HTTP/1.1" 200 171
2026-10-02 23:23:46,348 [INFO] Booking successful!
2026-10-02 23:24:02,589 [DEBUG] Starting new HTTPS connection (1): udstsport.udst.edu.qa:443
2026-10-02 23:24:02,676 [DEBUG] https://udstsport.udst.edu.qa:443 "GET /login HTTP/1.1" 200 4599
2026-10-02 23:24:02,851 [DEBUG] https://udstsport.udst.edu.qa:443 "POST /login HTTP/1.1" 302 None
2026-10-02 23:24:02,939 [DEBUG] https://udstsport.udst.edu.qa:443 "GET /home HTTP/1.1" 200 5771
2026-10-02 23:24:02,961 [INFO] Login successful
2026-10-02 23:24:03,014 [DEBUG] https://udstsport.udst.edu.qa:443 "GET /booking HTTP/1.1" 302 None
2026-10-02 23:24:03,017 [DEBUG] Starting new HTTP connection (1): udstsport.udst.edu.qa:80
2026-10-02 23:24:03,048 [DEBUG] http://udstsport.udst.edu.qa:80 "GET /booking?prop_res_client=UDST%2BCommunity&ppp_hidden_fields=prop_res_client HTTP/1.1" 302 0
2026-10-02 23:24:03,114 [DEBUG] https://udstsport.udst.edu.qa:443 "GET /booking?prop_res_client=UDST%2BCommunity&ppp_hidden_fields=prop_res_client HTTP/1.1" 200 8120
2026-10-02 23:24:09,417 [DEBUG] https://udstsport.udst.edu.qa:443 "POST /sportsbooking/planyo/ulap.php HTTP/1.1" 200 13268
2026-10-02 23:24:09,465 [DEBUG] Starting new HTTPS connection (1): www.planyo.com:443
2026-10-02 23:24:10,247 [DEBUG] https://www.planyo.com:443 "POST /fetch-data.php?callback=jQuery11200030016422366728412_1789246617319&month=10&year=2026&id=56012&with_resources=1 HTTP/1.1" 200 32362
2026-10-02 23:24:10,284 [INFO] Booking for Abdullah Kavilkuth (60302700) on October 09 2026 at 12.5
2026-10-02 23:24:10,346 [DEBUG] https://udstsport.udst.edu.qa:443 "GET /booking HTTP/1.1" 302 None
2026-10-02 23:24:10,359 [DEBUG] http://udstsport.udst.edu.qa:80 "GET /booking?prop_res_client=UDST%2BCommunity&ppp_hidden_fields=prop_res_client HTTP/1.1" 302 0
2026-10-02 23:24:10,434 [DEBUG] https://udstsport.udst.edu.qa:443 "GET /booking?prop_res_client=UDST%2BCommunity&ppp_hidden_fields=prop_res_client HTTP/1.1" 200 8120
2026-10-02 23:24:11,043 [DEBUG] https://udstsport.udst.edu.qa:443 "POST /sportsbooking/planyo/ulap.php HTTP/1.1" 200 171
2026-10-02 23:24:11,044 [INFO] Booking successful!
2026-10-02 23:24:57,210 [DEBUG] Starting new HTTPS connection (1): udstsport.udst.edu.qa:443
2026-10-02 23:24:57,285 [DEBUG] https://udstsport.udst.edu.qa:443 "GET /login HTTP/1.1" 200 4596
2026-10-02 23:24:57,517 [DEBUG] https://udstsport.udst.edu.qa:443 "POST /login HTTP/1.1" 302 None
2026-10-02 23:24:57,610 [DEBUG] https://udstsport.udst.edu.qa:443 "GET /home HTTP/1.1" 200 5771
2026-10-02 23:24:57,633 [INFO] Login successful
2026-10-02 23:24:57,694 [DEBUG] https://udstsport.udst.edu.qa:443 "GET /booking HTTP/1.1" 302 None
2026-10-02 23:24:57,697 [DEBUG] Starting new HTTP connection (1): udstsport.udst.edu.qa:80
2026-10-02 23:24:57,729 [DEBUG] http://udstsport.udst.edu.qa:80 "GET /booking?prop_res_client=UDST%2BCommunity&ppp_hidden_fields=prop_res_client HTTP/1.1" 302 0
2026-10-02 23:24:57,792 [DEBUG] https://udstsport.udst.edu.qa:443 "GET /booking?prop_res_client=UDST%2BCommunity&ppp_hidden_fields=prop_res_client HTTP/1.1" 200 8120
2026-10-02 23:26:01,071 [DEBUG] Starting new HTTPS connection (1): udstsport.udst.edu.qa:443
2026-10-02 23:26:01,416 [DEBUG] https://udstsport.udst.edu.qa:443 "GET /login HTTP/1.1" 200 4596
2026-10-02 23:26:01,723 [DEBUG] https://udstsport.udst.edu.qa:443 "POST /login HTTP/1.1" 302 None
2026-10-02 23:26:01,824 [DEBUG] https://udstsport.udst.edu.qa:443 "GET /home HTTP/1.1" 200 5769
2026-10-02 23:26:01,840 [INFO] Login successful
2026-10-02 23:26:01,896 [DEBUG] https://udstsport.udst.edu.qa:443 "GET /booking HTTP/1.1" 302 None
2026-10-02 23:26:01,899 [DEBUG] Starting new HTTP connection (1): udstsport.udst.edu.qa:80
2026-10-02 23:26:01,938 [DEBUG] http://udstsport.udst.edu.qa:80 "GET /booking?prop_res_client=UDST%2BCommunity&ppp_hidden_fields=prop_res_client HTTP/1.1" 302 0
2026-10-02 23:26:02,000 [DEBUG] https://udstsport.udst.edu.qa:443 "GET /booking?prop_res_client=UDST%2BCommunity&ppp_hidden_fields=prop_res_client HTTP/1.1" 200 8117
2026-10-02 23:27:42,482 [DEBUG] Starting new HTTPS connection (1): udstsport.udst.edu.qa:443
2026-10-02 23:27:42,599 [DEBUG] https://udstsport.udst.edu.qa:443 "GET /login HTTP/1.1" 200 4594
2026-10-02 23:27:42,765 [DEBUG] https://udstsport.udst.edu.qa:443 "POST /login HTTP/1.1" 302 None
2026-10-02 23:27:42,844 [DEBUG] https://udstsport.udst.edu.qa:443 "GET /home HTTP/1.1" 200 5769
2026-10-02 23:27:42,868 [INFO] Login successful
2026-10-02 23:27:42,916 [DEBUG] https://udstsport.udst.edu.qa:443 "GET /booking HTTP/1.1" 302 None
2026-10-02 23:27:42,918 [DEBUG] Starting new HTTP connection (1): udstsport.udst.edu.qa:80
2026-10-02 23:27:42,947 [DEBUG] http://udstsport.udst.edu.qa:80 "GET /booking?prop_res_client=UDST%2BCommunity&ppp_hidden_fields=prop_res_client HTTP/1.1" 302 0
2026-10-02 23:27:43,011 [DEBUG] https://udstsport.udst.edu.qa:443 "GET /booking?prop_res_client=UDST%2BCommunity&ppp_hidden_fields=prop_res_client HTTP/1.1" 200 8118
2026-10-02 23:27:49,246 [DEBUG] https://udstsport.udst.edu.qa:443 "POST /sportsbooking/planyo/ulap.php HTTP/1.1" 200 13268
2026-10-02 23:27:49,283 [DEBUG] Starting new HTTPS connection (1): www.planyo.com:443
2026-10-02 23:27:50,269 [DEBUG] https://www.planyo.com:443 "POST /fetch-data.php?callback=jQuery11200030016422366728412_1789246617319&month=10&year=2026&id=56012&with_resources=1 HTTP/1.1" 200 32362
2026-10-02 23:29:03,930 [DEBUG] Starting new HTTPS connection (1): udstsport.udst.edu.qa:443
2026-10-02 23:29:03,998 [DEBUG] https://udstsport.udst.edu.qa:443 "GET /login HTTP/1.1" 200 4599
2026-10-02 23:29:04,161 [DEBUG] https://udstsport.udst.edu.qa:443 "POST /login HTTP/1.1" 302 None
2026-10-02 23:29:04,236 [DEBUG] https://udstsport.udst.edu.qa:443 "GET /home HTTP/1.1" 200 5772
2026-10-02 23:29:04,260 [INFO] Login successful
2026-10-02 23:29:04,310 [DEBUG] https://udstsport.udst.edu.qa:443 "GET /booking HTTP/1.1" 302 None
2026-10-02 23:29:04,313 [DEBUG] Starting new HTTP connection (1): udstsport.udst.edu.qa:80
2026-10-02 23:29:04,343 [DEBUG] http://udstsport.udst.edu.qa:80 "GET /booking?prop_res_client=UDST%2BCommunity&ppp_hidden_fields=prop_res_client HTTP/1.1" 302 0
2026-10-02 23:29:04,414 [DEBUG] https://udstsport.udst.edu.qa:443 "GET /booking?prop_res_client=UDST%2BCommunity&ppp_hidden_fields=prop_res_client HTTP/1.1" 200 8118
2026-10-02 23:29:14,137 [DEBUG] https://udstsport.udst.edu.qa:443 "POST /sportsbooking/planyo/ulap.php HTTP/1.1" 200 13268
2026-10-02 23:29:14,178 [DEBUG] Starting new HTTPS connection (1): www.planyo.com:443
2026-10-02 23:29:15,161 [DEBUG] https://www.planyo.com:443 "POST /fetch-data.php?callback=jQuery11200030016422366728412_1789246617319&month=10&year=2026&id=56012&with_resources=1 HTTP/1.1" 200 32362
2026-10-02 23:29:15,197 [INFO] Booking for Abdullah Kavilkuth (60302700) on October 09 2026 at 12.5
2026-10-02 23:29:15,252 [DEBUG] https://udstsport.udst.edu.qa:443 "GET /booking HTTP/1.1" 302 None
2026-10-02 23:29:15,264 [DEBUG] http://udstsport.udst.edu.qa:80 "GET /booking?prop_res_client=UDST%2BCommunity&ppp_hidden_fields=prop_res_client HTTP/1.1" 302 0
2026-10-02 23:29:15,327 [DEBUG] https://udstsport.udst.edu.qa:443 "GET /booking?prop_res_client=UDST%2BCommunity&ppp_hidden_fields=prop_res_client HTTP/1.1" 200 8118
2026-10-02 23:29:16,183 [DEBUG] https://udstsport.udst.edu.qa:443 "POST /sportsbooking/planyo/ulap.php HTTP/1.1" 200 171
2026-10-02 23:29:16,185 [INFO] Booking successful!
2026-10-02 23:29:34,168 [DEBUG] Starting new HTTPS connection (1): udstsport.udst.edu.qa:443
2026-10-02 23:29:34,250 [DEBUG] https://udstsport.udst.edu.qa:443 "GET /login HTTP/1.1" 200 4598
2026-10-02 23:29:34,514 [DEBUG] https://udstsport.udst.edu.qa:443 "POST /login HTTP/1.1" 302 None
2026-10-02 23:29:34,924 [DEBUG] https://udstsport.udst.edu.qa:443 "GET /home HTTP/1.1" 200 5772
2026-10-02 23:29:34,948 [INFO] Login successful
2026-10-02 23:29:35,008 [DEBUG] https://udstsport.udst.edu.qa:443 "GET /booking HTTP/1.1" 302 None
2026-10-02 23:29:35,010 [DEBUG] Starting new HTTP connection (1): udstsport.udst.edu.qa:80
2026-10-02 23:29:48,552 [DEBUG] Starting new HTTPS connection (1): udstsport.udst.edu.qa:443
2026-10-02 23:29:48,851 [DEBUG] https://udstsport.udst.edu.qa:443 "GET /login HTTP/1.1" 200 4597
2026-10-02 23:29:49,055 [DEBUG] https://udstsport.udst.edu.qa:443 "POST /login HTTP/1.1" 302 None
2026-10-02 23:29:49,132 [DEBUG] https://udstsport.udst.edu.qa:443 "GET /home HTTP/1.1" 200 5772
2026-10-02 23:29:49,145 [INFO] Login successful
2026-10-02 23:29:49,203 [DEBUG] https://udstsport.udst.edu.qa:443 "GET /booking HTTP/1.1" 302 None
2026-10-02 23:29:49,206 [DEBUG] Starting new HTTP connection (1): udstsport.udst.edu.qa:80
2026-10-02 23:29:49,239 [DEBUG] http://udstsport.udst.edu.qa:80 "GET /booking?prop_res_client=UDST%2BCommunity&ppp_hidden_fields=prop_res_client HTTP/1.1" 302 0
2026-10-02 23:29:49,305 [DEBUG] https://udstsport.udst.edu.qa:443 "GET /booking?prop_res_client=UDST%2BCommunity&ppp_hidden_fields=prop_res_client HTTP/1.1" 200 8119
2026-10-02 23:29:57,250 [DEBUG] https://udstsport.udst.edu.qa:443 "POST /sportsbooking/planyo/ulap.php HTTP/1.1" 200 13268
2026-10-02 23:29:57,290 [DEBUG] Starting new HTTPS connection (1): www.planyo.com:443
2026-10-02 23:29:58,170 [DEBUG] https://www.planyo.com:443 "POST /fetch-data.php?callback=jQuery11200030016422366728412_1789246617319&month=10&year=2026&id=56012&with_resources=1 HTTP/1.1" 200 32362
2026-10-02 23:29:58,206 [INFO] Booking for Abdullah Kavilkuth (60302700) on October 09 2026 at 12.5
2026-10-02 23:29:58,262 [DEBUG] https://udstsport.udst.edu.qa:443 "GET /booking HTTP/1.1" 302 None
2026-10-02 23:29:58,275 [DEBUG] http://udstsport.udst.edu.qa:80 "GET /booking?prop_res_client=UDST%2BCommunity&ppp_hidden_fields=prop_res_client HTTP/1.1" 302 0
2026-10-02 23:29:58,332 [DEBUG] https://udstsport.udst.edu.qa:443 "GET /booking?prop_res_client=UDST%2BCommunity&ppp_hidden_fields=prop_res_client HTTP/1.1" 200 8119
2026-10-02 23:29:59,194 [DEBUG] https://udstsport.udst.edu.qa:443 "POST /sportsbooking/planyo/ulap.php HTTP/1.1" 200 171
2026-10-02 23:29:59,195 [INFO] Booking successful!
2026-10-02 23:31:41,400 [DEBUG] Starting new HTTPS connection (1): udstsport.udst.edu.qa:443
2026-10-02 23:31:41,509 [DEBUG] https://udstsport.udst.edu.qa:443 "GET /login HTTP/1.1" 200 4596
2026-10-02 23:31:41,697 [DEBUG] https://udstsport.udst.edu.qa:443 "POST /login HTTP/1.1" 302 None
2026-10-02 23:31:41,787 [DEBUG] https://udstsport.udst.edu.qa:443 "GET /home HTTP/1.1" 200 5769
2026-10-02 23:31:41,811 [INFO] Login successful
2026-10-02 23:31:42,217 [DEBUG] https://udstsport.udst.edu.qa:443 "GET /booking HTTP/1.1" 302 None
2026-10-02 23:31:42,219 [DEBUG] Starting new HTTP connection (1): udstsport.udst.edu.qa:80
2026-10-02 23:31:42,249 [DEBUG] http://udstsport.udst.edu.qa:80 "GET /booking?prop_res_client=UDST%2BCommunity&ppp_hidden_fields=prop_res_client HTTP/1.1" 302 0
2026-10-02 23:31:42,311 [DEBUG] https://udstsport.udst.edu.qa:443 "GET /booking?prop_res_client=UDST%2BCommunity&ppp_hidden_fields=prop_res_client HTTP/1.1" 200 8118
2026-10-02 23:31:49,852 [DEBUG] https://udstsport.udst.edu.qa:443 "POST /sportsbooking/planyo/ulap.php HTTP/1.1" 200 13268
2026-10-02 23:31:49,888 [DEBUG] Starting new HTTPS connection (1): www.planyo.com:443
2026-10-02 23:31:52,553 [DEBUG] https://www.planyo.com:443 "POST /fetch-data.php?callback=jQuery11200030016422366728412_1789246617319&month=10&year=2026&id=56012&with_resources=1 HTTP/1.1" 200 32363
2026-10-02 23:31:52,593 [INFO] Booking for Abdullah Kavilkuth (60302700) on October 09 2026 at 12.5
2026-10-02 23:31:52,654 [DEBUG] https://udstsport.udst.edu.qa:443 "GET /booking HTTP/1.1" 302 None
2026-10-02 23:31:52,671 [DEBUG] http://udstsport.udst.edu.qa:80 "GET /booking?prop_res_client=UDST%2BCommunity&ppp_hidden_fields=prop_res_client HTTP/1.1" 302 0
2026-10-02 23:31:52,733 [DEBUG] https://udstsport.udst.edu.qa:443 "GET /booking?prop_res_client=UDST%2BCommunity&ppp_hidden_fields=prop_res_client HTTP/1.1" 200 8118
2026-10-02 23:31:52,822 [DEBUG] https://udstsport.udst.edu.qa:443 "GET /guest-list HTTP/1.1" 200 None
2026-10-02 23:31:56,955 [DEBUG] https://udstsport.udst.edu.qa:443 "POST /sportsbooking/planyo/ulap.php HTTP/1.1" 200 2361
2026-10-02 23:31:56,997 [INFO] Booking successful!
2026-10-02 23:32:38,188 [DEBUG] Starting new HTTPS connection (1): udstsport.udst.edu.qa:443
2026-10-02 23:32:38,274 [DEBUG] https://udstsport.udst.edu.qa:443 "GET /login HTTP/1.1" 200 4598
2026-10-02 23:32:38,579 [DEBUG] https://udstsport.udst.edu.qa:443 "POST /login HTTP/1.1" 302 None
2026-10-02 23:32:38,661 [DEBUG] https://udstsport.udst.edu.qa:443 "GET /home HTTP/1.1" 200 5771
2026-10-02 23:32:38,686 [INFO] Login successful
2026-10-02 23:32:38,745 [DEBUG] https://udstsport.udst.edu.qa:443 "GET /booking HTTP/1.1" 302 None
2026-10-02 23:32:38,747 [DEBUG] Starting new HTTP connection (1): udstsport.udst.edu.qa:80
2026-10-02 23:32:38,785 [DEBUG] http://udstsport.udst.edu.qa:80 "GET /booking?prop_res_client=UDST%2BCommunity&ppp_hidden_fields=prop_res_client HTTP/1.1" 302 0
2026-10-02 23:32:38,848 [DEBUG] https://udstsport.udst.edu.qa:443 "GET /booking?prop_res_client=UDST%2BCommunity&ppp_hidden_fields=prop_res_client HTTP/1.1" 200 8119
2026-10-02 23:32:46,245 [DEBUG] https://udstsport.udst.edu.qa:443 "POST /sportsbooking/planyo/ulap.php HTTP/1.1" 200 13268
2026-10-02 23:32:46,318 [DEBUG] Starting new HTTPS connection (1): www.planyo.com:443
2026-10-02 23:32:46,928 [DEBUG] https://www.planyo.com:443 "POST /fetch-data.php?callback=jQuery11200030016422366728412_1789246617319&month=10&year=2026&id=56012&with_resources=1 HTTP/1.1" 200 32363
2026-10-02 23:32:46,970 [INFO] Booking for Abdullah Kavilkuth (60302700) on October 09 2026 at 13.5
2026-10-02 23:32:47,029 [DEBUG] https://udstsport.udst.edu.qa:443 "GET /booking HTTP/1.1" 302 None
2026-10-02 23:32:47,049 [DEBUG] http://udstsport.udst.edu.qa:80 "GET /booking?prop_res_client=UDST%2BCommunity&ppp_hidden_fields=prop_res_client HTTP/1.1" 302 0
2026-10-02 23:32:47,118 [DEBUG] https://udstsport.udst.edu.qa:443 "GET /booking?prop_res_client=UDST%2BCommunity&ppp_hidden_fields=prop_res_client HTTP/1.1" 200 8119
2026-10-02 23:32:47,210 [DEBUG] https://udstsport.udst.edu.qa:443 "GET /guest-list HTTP/1.1" 200 None
2026-10-02 23:32:48,464 [DEBUG] https://udstsport.udst.edu.qa:443 "POST /sportsbooking/planyo/ulap.php HTTP/1.1" 200 191
2026-10-02 23:32:48,465 [INFO] Booking successful!
2026-10-02 23:35:09,037 [DEBUG] Starting new HTTPS connection (1): udstsport.udst.edu.qa:443
2026-10-02 23:35:09,126 [DEBUG] https://udstsport.udst.edu.qa:443 "GET /login HTTP/1.1" 200 4597
2026-10-02 23:35:09,574 [DEBUG] https://udstsport.udst.edu.qa:443 "POST /login HTTP/1.1" 302 None
2026-10-02 23:35:09,778 [DEBUG] https://udstsport.udst.edu.qa:443 "GET /home HTTP/1.1" 200 5772
2026-10-02 23:35:09,791 [INFO] Login successful
2026-10-02 23:35:09,847 [DEBUG] https://udstsport.udst.edu.qa:443 "GET /booking HTTP/1.1" 302 None
2026-10-02 23:35:09,849 [DEBUG] Starting new HTTP connection (1): udstsport.udst.edu.qa:80
2026-10-02 23:35:09,880 [DEBUG] http://udstsport.udst.edu.qa:80 "GET /booking?prop_res_client=UDST%2BCommunity&ppp_hidden_fields=prop_res_client HTTP/1.1" 302 0
2026-10-02 23:35:09,953 [DEBUG] https://udstsport.udst.edu.qa:443 "GET /booking?prop_res_client=UDST%2BCommunity&ppp_hidden_fields=prop_res_client HTTP/1.1" 200 8120
2026-10-02 23:35:17,971 [DEBUG] https://udstsport.udst.edu.qa:443 "POST /sportsbooking/planyo/ulap.php HTTP/1.1" 200 13268
2026-10-02 23:35:18,014 [DEBUG] Starting new HTTPS connection (1): www.planyo.com:443
2026-10-02 23:35:20,852 [DEBUG] https://www.planyo.com:443 "POST /fetch-data.php?callback=jQuery11200030016422366728412_1789246617319&month=10&year=2026&id=56012&with_resources=1 HTTP/1.1" 200 32381
2026-10-02 23:35:20,896 [INFO] Booking for Abdullah Kavilkuth (60302700) on October 09 2026 at 12.5
2026-10-02 23:35:20,951 [DEBUG] https://udstsport.udst.edu.qa:443 "GET /booking HTTP/1.1" 302 None
2026-10-02 23:35:20,966 [DEBUG] http://udstsport.udst.edu.qa:80 "GET /booking?prop_res_client=UDST%2BCommunity&ppp_hidden_fields=prop_res_client HTTP/1.1" 302 0
2026-10-02 23:35:21,042 [DEBUG] https://udstsport.udst.edu.qa:443 "GET /booking?prop_res_client=UDST%2BCommunity&ppp_hidden_fields=prop_res_client HTTP/1.1" 200 8120
2026-10-02 23:35:21,454 [DEBUG] https://udstsport.udst.edu.qa:443 "GET /guest-list HTTP/1.1" 200 None
2026-10-02 23:35:22,581 [DEBUG] https://udstsport.udst.edu.qa:443 "POST /sportsbooking/planyo/ulap.php HTTP/1.1" 200 191
2026-10-02 23:35:22,583 [INFO] Booking successful!
2026-10-02 23:35:23,705 [DEBUG] https://udstsport.udst.edu.qa:443 "POST /sportsbooking/planyo/ulap.php HTTP/1.1" 200 192
2026-10-02 23:35:23,706 [INFO] Booking successful!
2026-10-02 23:35:35,940 [DEBUG] Starting new HTTPS connection (1): udstsport.udst.edu.qa:443
2026-10-02 23:35:36,109 [DEBUG] https://udstsport.udst.edu.qa:443 "GET /login HTTP/1.1" 200 4598
2026-10-02 23:35:36,505 [DEBUG] https://udstsport.udst.edu.qa:443 "POST /login HTTP/1.1" 302 None
2026-10-02 23:35:36,579 [DEBUG] https://udstsport.udst.edu.qa:443 "GET /home HTTP/1.1" 200 5773
2026-10-02 23:35:36,602 [INFO] Login successful
2026-10-02 23:35:36,663 [DEBUG] https://udstsport.udst.edu.qa:443 "GET /booking HTTP/1.1" 302 None
2026-10-02 23:35:36,665 [DEBUG] Starting new HTTP connection (1): udstsport.udst.edu.qa:80
2026-10-02 23:35:36,696 [DEBUG] http://udstsport.udst.edu.qa:80 "GET /booking?prop_res_client=UDST%2BCommunity&ppp_hidden_fields=prop_res_client HTTP/1.1" 302 0
2026-10-02 23:35:36,757 [DEBUG] https://udstsport.udst.edu.qa:443 "GET /booking?prop_res_client=UDST%2BCommunity&ppp_hidden_fields=prop_res_client HTTP/1.1" 200 8121
2026-10-02 23:35:44,289 [DEBUG] https://udstsport.udst.edu.qa:443 "POST /sportsbooking/planyo/ulap.php HTTP/1.1" 200 13268
2026-10-02 23:35:44,331 [DEBUG] Starting new HTTPS connection (1): www.planyo.com:443
2026-10-02 23:35:45,005 [DEBUG] https://www.planyo.com:443 "POST /fetch-data.php?callback=jQuery11200030016422366728412_1789246617319&month=10&year=2026&id=56012&with_resources=1 HTTP/1.1" 200 32381
2026-10-02 23:35:45,054 [INFO] Booking for Abdullah Kavilkuth (60302700) on October 09 2026 at 12.5
2026-10-02 23:35:45,124 [DEBUG] https://udstsport.udst.edu.qa:443 "GET /booking HTTP/1.1" 302 None
2026-10-02 23:35:45,137 [DEBUG] http://udstsport.udst.edu.qa:80 "GET /booking?prop_res_client=UDST%2BCommunity&ppp_hidden_fields=prop_res_client HTTP/1.1" 302 0
2026-10-02 23:35:45,199 [DEBUG] https://udstsport.udst.edu.qa:443 "GET /booking?prop_res_client=UDST%2BCommunity&ppp_hidden_fields=prop_res_client HTTP/1.1" 200 8121
2026-10-02 23:35:45,293 [DEBUG] https://udstsport.udst.edu.qa:443 "GET /guest-list HTTP/1.1" 200 None
2026-10-02 23:35:46,106 [DEBUG] https://udstsport.udst.edu.qa:443 "POST /sportsbooking/planyo/ulap.php HTTP/1.1" 200 191
2026-10-02 23:35:46,107 [INFO] Booking successful!
2026-10-02 23:35:47,053 [DEBUG] https://udstsport.udst.edu.qa:443 "POST /sportsbooking/planyo/ulap.php HTTP/1.1" 200 192
2026-10-02 23:35:47,054 [INFO] Booking successful!
2026-10-02 23:36:50,363 [DEBUG] Starting new HTTPS connection (1): udstsport.udst.edu.qa:443
2026-10-02 23:36:50,432 [DEBUG] https://udstsport.udst.edu.qa:443 "GET /login HTTP/1.1" 200 4594
2026-10-02 23:36:50,644 [DEBUG] https://udstsport.udst.edu.qa:443 "POST /login HTTP/1.1" 302 None
2026-10-02 23:36:50,713 [DEBUG] https://udstsport.udst.edu.qa:443 "GET /home HTTP/1.1" 200 5770
2026-10-02 23:36:50,738 [INFO] Login successful
2026-10-02 23:36:50,793 [DEBUG] https://udstsport.udst.edu.qa:443 "GET /booking HTTP/1.1" 302 None
2026-10-02 23:36:50,795 [DEBUG] Starting new HTTP connection (1): udstsport.udst.edu.qa:80
2026-10-02 23:36:50,829 [DEBUG] http://udstsport.udst.edu.qa:80 "GET /booking?prop_res_client=UDST%2BCommunity&ppp_hidden_fields=prop_res_client HTTP/1.1" 302 0
2026-10-02 23:36:50,895 [DEBUG] https://udstsport.udst.edu.qa:443 "GET /booking?prop_res_client=UDST%2BCommunity&ppp_hidden_fields=prop_res_client HTTP/1.1" 200 8120
2026-10-02 23:36:57,712 [DEBUG] https://udstsport.udst.edu.qa:443 "POST /sportsbooking/planyo/ulap.php HTTP/1.1" 200 13268
2026-10-02 23:36:57,756 [DEBUG] Starting new HTTPS connection (1): www.planyo.com:443
2026-10-02 23:36:58,632 [DEBUG] https://www.planyo.com:443 "POST /fetch-data.php?callback=jQuery11200030016422366728412_1789246617319&month=10&year=2026&id=56012&with_resources=1 HTTP/1.1" 200 32381
2026-10-02 23:36:58,671 [INFO] Booking for Abdullah Kavilkuth (60302700) on October 09 2026 at 12.5
2026-10-02 23:36:58,724 [DEBUG] https://udstsport.udst.edu.qa:443 "GET /booking HTTP/1.1" 302 None
2026-10-02 23:36:58,736 [DEBUG] http://udstsport.udst.edu.qa:80 "GET /booking?prop_res_client=UDST%2BCommunity&ppp_hidden_fields=prop_res_client HTTP/1.1" 302 0
2026-10-02 23:36:58,792 [DEBUG] https://udstsport.udst.edu.qa:443 "GET /booking?prop_res_client=UDST%2BCommunity&ppp_hidden_fields=prop_res_client HTTP/1.1" 200 8120
2026-10-02 23:36:58,890 [DEBUG] https://udstsport.udst.edu.qa:443 "GET /guest-list HTTP/1.1" 200 None
2026-10-02 23:36:59,758 [DEBUG] https://udstsport.udst.edu.qa:443 "POST /sportsbooking/planyo/ulap.php HTTP/1.1" 200 191
2026-10-02 23:36:59,759 [INFO] Booking successful!
2026-10-02 23:37:00,476 [DEBUG] https://udstsport.udst.edu.qa:443 "POST /sportsbooking/planyo/ulap.php HTTP/1.1" 200 192
2026-10-02 23:37:00,478 [INFO] Booking successful!
2026-10-02 23:38:47,392 [DEBUG] Starting new HTTPS connection (1): udstsport.udst.edu.qa:443
2026-10-02 23:38:47,463 [DEBUG] https://udstsport.udst.edu.qa:443 "GET /login HTTP/1.1" 200 4597
2026-10-02 23:38:47,689 [DEBUG] https://udstsport.udst.edu.qa:443 "POST /login HTTP/1.1" 302 None
2026-10-02 23:38:47,760 [DEBUG] https://udstsport.udst.edu.qa:443 "GET /home HTTP/1.1" 200 5770
2026-10-02 23:38:47,785 [INFO] Login successful
2026-10-02 23:38:47,853 [DEBUG] https://udstsport.udst.edu.qa:443 "GET /booking HTTP/1.1" 302 None
2026-10-02 23:38:47,856 [DEBUG] Starting new HTTP connection (1): udstsport.udst.edu.qa:80
2026-10-02 23:38:47,896 [DEBUG] http://udstsport.udst.edu.qa:80 "GET /booking?prop_res_client=UDST%2BCommunity&ppp_hidden_fields=prop_res_client HTTP/1.1" 302 0
2026-10-02 23:38:47,953 [DEBUG] https://udstsport.udst.edu.qa:443 "GET /booking?prop_res_client=UDST%2BCommunity&ppp_hidden_fields=prop_res_client HTTP/1.1" 200 8118
2026-10-02 23:38:55,561 [DEBUG] https://udstsport.udst.edu.qa:443 "POST /sportsbooking/planyo/ulap.php HTTP/1.1" 200 13268
2026-10-02 23:38:55,612 [DEBUG] Starting new HTTPS connection (1): www.planyo.com:443
2026-10-02 23:38:56,292 [DEBUG] https://www.planyo.com:443 "POST /fetch-data.php?callback=jQuery11200030016422366728412_1789246617319&month=10&year=2026&id=56012&with_resources=1 HTTP/1.1" 200 32381
2026-10-02 23:38:56,327 [INFO] Booking for Abdullah Kavilkuth (60302700) on October 09 2026 at 12.5
2026-10-02 23:38:56,375 [DEBUG] https://udstsport.udst.edu.qa:443 "GET /booking HTTP/1.1" 302 None
2026-10-02 23:38:56,388 [DEBUG] http://udstsport.udst.edu.qa:80 "GET /booking?prop_res_client=UDST%2BCommunity&ppp_hidden_fields=prop_res_client HTTP/1.1" 302 0
2026-10-02 23:38:56,449 [DEBUG] https://udstsport.udst.edu.qa:443 "GET /booking?prop_res_client=UDST%2BCommunity&ppp_hidden_fields=prop_res_client HTTP/1.1" 200 8118
2026-10-02 23:38:56,537 [DEBUG] https://udstsport.udst.edu.qa:443 "GET /guest-list HTTP/1.1" 200 None
2026-10-02 23:38:57,197 [DEBUG] https://udstsport.udst.edu.qa:443 "POST /sportsbooking/planyo/ulap.php HTTP/1.1" 200 191
2026-10-02 23:38:57,199 [INFO] Booking successful!
2026-10-02 23:38:57,805 [DEBUG] https://udstsport.udst.edu.qa:443 "POST /sportsbooking/planyo/ulap.php HTTP/1.1" 200 192
2026-10-02 23:38:57,807 [INFO] Booking successful!
2026-10-02 23:40:30,322 [DEBUG] Starting new HTTPS connection (1): udstsport.udst.edu.qa:443
2026-10-02 23:40:30,418 [DEBUG] https://udstsport.udst.edu.qa:443 "GET /login HTTP/1.1" 200 4598
2026-10-02 23:40:31,419 [DEBUG] https://udstsport.udst.edu.qa:443 "POST /login HTTP/1.1" 302 None
2026-10-02 23:40:31,494 [DEBUG] https://udstsport.udst.edu.qa:443 "GET /home HTTP/1.1" 200 5774
2026-10-02 23:40:31,524 [INFO] Login successful
2026-10-02 23:40:31,580 [DEBUG] https://udstsport.udst.edu.qa:443 "GET /booking HTTP/1.1" 302 None
2026-10-02 23:40:31,582 [DEBUG] Starting new HTTP connection (1): udstsport.udst.edu.qa:80
2026-10-02 23:40:31,618 [DEBUG] http://udstsport.udst.edu.qa:80 "GET /booking?prop_res_client=UDST%2BCommunity&ppp_hidden_fields=prop_res_client HTTP/1.1" 302 0
2026-10-02 23:40:31,677 [DEBUG] https://udstsport.udst.edu.qa:443 "GET /booking?prop_res_client=UDST%2BCommunity&ppp_hidden_fields=prop_res_client HTTP/1.1" 200 8122
2026-10-02 23:40:39,467 [DEBUG] https://udstsport.udst.edu.qa:443 "POST /sportsbooking/planyo/ulap.php HTTP/1.1" 200 13268
2026-10-02 23:40:39,522 [DEBUG] Starting new HTTPS connection (1): www.planyo.com:443
2026-10-02 23:40:40,095 [DEBUG] https://www.planyo.com:443 "POST /fetch-data.php?callback=jQuery11200030016422366728412_1789246617319&month=10&year=2026&id=56012&with_resources=1 HTTP/1.1" 200 32381
2026-10-02 23:40:40,152 [INFO] Booking for Abdullah Kavilkuth (60302700) on October 08 2026 at 21.5
2026-10-02 23:40:40,217 [DEBUG] https://udstsport.udst.edu.qa:443 "GET /booking HTTP/1.1" 302 None
2026-10-02 23:40:40,235 [DEBUG] http://udstsport.udst.edu.qa:80 "GET /booking?prop_res_client=UDST%2BCommunity&ppp_hidden_fields=prop_res_client HTTP/1.1" 302 0
2026-10-02 23:40:40,299 [DEBUG] https://udstsport.udst.edu.qa:443 "GET /booking?prop_res_client=UDST%2BCommunity&ppp_hidden_fields=prop_res_client HTTP/1.1" 200 8122
2026-10-02 23:40:40,393 [DEBUG] https://udstsport.udst.edu.qa:443 "GET /guest-list HTTP/1.1" 200 None
2026-10-02 23:40:44,700 [DEBUG] https://udstsport.udst.edu.qa:443 "POST /sportsbooking/planyo/ulap.php HTTP/1.1" 200 2360
2026-10-02 23:40:44,702 [INFO] Booking successful!
2026-10-04 14:12:08,081 [DEBUG] Starting new HTTPS connection (1): udstsport.udst.edu.qa:443
2026-10-04 14:12:08,183 [DEBUG] https://udstsport.udst.edu.qa:443 "GET /login HTTP/1.1" 200 4598
2026-10-04 14:12:08,383 [DEBUG] https://udstsport.udst.edu.qa:443 "POST /login HTTP/1.1" 302 None
2026-10-04 14:12:08,452 [DEBUG] https://udstsport.udst.edu.qa:443 "GET /home HTTP/1.1" 200 5770
2026-10-04 14:12:08,487 [INFO] Login successful
2026-10-04 14:12:08,534 [DEBUG] https://udstsport.udst.edu.qa:443 "GET /booking HTTP/1.1" 302 None
2026-10-04 14:12:08,537 [DEBUG] Starting new HTTP connection (1): udstsport.udst.edu.qa:80
2026-10-04 14:12:08,562 [DEBUG] http://udstsport.udst.edu.qa:80 "GET /booking?prop_res_client=UDST%2BCommunity&ppp_hidden_fields=prop_res_client HTTP/1.1" 302 0
2026-10-04 14:12:08,620 [DEBUG] https://udstsport.udst.edu.qa:443 "GET /booking?prop_res_client=UDST%2BCommunity&ppp_hidden_fields=prop_res_client HTTP/1.1" 200 8118
2026-10-04 14:12:15,224 [DEBUG] https://udstsport.udst.edu.qa:443 "POST /sportsbooking/planyo/ulap.php HTTP/1.1" 200 13268
2026-10-04 14:12:21,968 [DEBUG] https://udstsport.udst.edu.qa:443 "POST /sportsbooking/planyo/ulap.php HTTP/1.1" 200 13268
2026-10-04 14:12:30,055 [DEBUG] https://udstsport.udst.edu.qa:443 "POST /sportsbooking/planyo/ulap.php HTTP/1.1" 200 13268
2026-10-04 14:12:34,627 [DEBUG] https://udstsport.udst.edu.qa:443 "POST /sportsbooking/planyo/ulap.php HTTP/1.1" 500 None
2026-10-04 14:12:34,663 [DEBUG] Resetting dropped connection: udstsport.udst.edu.qa
2026-10-04 14:12:41,615 [DEBUG] https://udstsport.udst.edu.qa:443 "POST /sportsbooking/planyo/ulap.php HTTP/1.1" 200 13268
2026-10-04 14:12:47,873 [DEBUG] https://udstsport.udst.edu.qa:443 "POST /sportsbooking/planyo/ulap.php HTTP/1.1" 200 13268
2026-10-04 14:12:55,278 [DEBUG] https://udstsport.udst.edu.qa:443 "POST /sportsbooking/planyo/ulap.php HTTP/1.1" 200 13268
